// Jest Snapshot v1, https://goo.gl/fbAQLP

exports[`ProtectedRoute Component matches snapshot when user is authenticated 1`] = `
<DocumentFragment>
  <div>
    Mock Child Content
  </div>
</DocumentFragment>
`;

exports[`ProtectedRoute Component matches snapshot when user is not authenticated 1`] = `<DocumentFragment />`;
